[0.105s] DEBUG:colcon:Command line arguments: ['/usr/bin/colcon', 'build', '--packages-select', 'limo_base', '--cmake-args', '-DCMAKE_BUILD_TYPE=Release']
[0.105s] DEBUG:colcon:Parsed command line arguments: Namespace(log_base=None, log_level=None, verb_name='build', build_base='build', install_base='install', merge_install=False, symlink_install=False, test_result_base=None, continue_on_error=False, executor='parallel', parallel_workers=4, event_handlers=None, ignore_user_meta=False, metas=['./colcon.meta'], base_paths=['.'], packages_ignore=None, packages_ignore_regex=None, paths=None, packages_up_to=None, packages_up_to_regex=None, packages_above=None, packages_above_and_dependencies=None, packages_above_depth=None, packages_select_by_dep=None, packages_skip_by_dep=None, packages_skip_up_to=None, packages_select_build_failed=False, packages_skip_build_finished=False, packages_select_test_failures=False, packages_skip_test_passed=False, packages_select=['limo_base'], packages_skip=None, packages_select_regex=None, packages_skip_regex=None, packages_start=None, packages_end=None, allow_overriding=[], cmake_args=['-DCMAKE_BUILD_TYPE=Release'], cmake_target=None, cmake_target_skip_unavailable=False, cmake_clean_cache=False, cmake_clean_first=False, cmake_force_configure=False, ament_cmake_args=None, catkin_cmake_args=None, catkin_skip_building_tests=False, mixin_files=None, mixin=None, verb_parser=<colcon_mixin.mixin.mixin_argument.MixinArgumentDecorator object at 0x7d57a0e51ae0>, verb_extension=<colcon_core.verb.build.BuildVerb object at 0x7d57a0e50e80>, main=<bound method BuildVerb.main of <colcon_core.verb.build.BuildVerb object at 0x7d57a0e50e80>>, mixin_verb=('build',))
[0.269s] Level 1:colcon.colcon_core.package_discovery:discover_packages(colcon_meta) check parameters
[0.269s] Level 1:colcon.colcon_core.package_discovery:discover_packages(recursive) check parameters
[0.269s] Level 1:colcon.colcon_core.package_discovery:discover_packages(ignore) check parameters
[0.269s] Level 1:colcon.colcon_core.package_discovery:discover_packages(path) check parameters
[0.269s] Level 1:colcon.colcon_core.package_discovery:discover_packages(colcon_meta) discover
[0.270s] Level 1:colcon.colcon_core.package_discovery:discover_packages(recursive) discover
[0.270s] INFO:colcon.colcon_core.package_discovery:Crawling recursively for packages in '/home/cerv/Downloads/APP-Limo_ros2_diff'
[0.270s] Level 1:colcon.colcon_core.package_identification:_identify(.) by extensions ['ignore', 'ignore_ament_install']
[0.270s] Level 1:colcon.colcon_core.package_identification:_identify(.) by extension 'ignore'
[0.270s] Level 1:colcon.colcon_core.package_identification:_identify(.) by extension 'ignore_ament_install'
[0.270s] Level 1:colcon.colcon_core.package_identification:_identify(.) by extensions ['colcon_pkg']
[0.270s] Level 1:colcon.colcon_core.package_identification:_identify(.) by extension 'colcon_pkg'
[0.270s] Level 1:colcon.colcon_core.package_identification:_identify(.) by extensions ['colcon_meta']
[0.270s] Level 1:colcon.colcon_core.package_identification:_identify(.) by extension 'colcon_meta'
[0.270s] Level 1:colcon.colcon_core.package_identification:_identify(.) by extensions ['ros']
[0.270s] Level 1:colcon.colcon_core.package_identification:_identify(.) by extension 'ros'
[0.281s] Level 1:colcon.colcon_core.package_identification:_identify(.) by extensions ['cmake', 'python']
[0.281s] Level 1:colcon.colcon_core.package_identification:_identify(.) by extension 'cmake'
[0.281s] Level 1:colcon.colcon_core.package_identification:_identify(.) by extension 'python'
[0.281s] Level 1:colcon.colcon_core.package_identification:_identify(.) by extensions ['python_setup_py']
[0.281s] Level 1:colcon.colcon_core.package_identification:_identify(.) by extension 'python_setup_py'
[0.281s] Level 1:colcon.colcon_core.package_identification:_identify(build) by extensions ['ignore', 'ignore_ament_install']
[0.281s] Level 1:colcon.colcon_core.package_identification:_identify(build) by extension 'ignore'
[0.281s] Level 1:colcon.colcon_core.package_identification:_identify(build) ignored
[0.281s] Level 1:colcon.colcon_core.package_identification:_identify(install) by extensions ['ignore', 'ignore_ament_install']
[0.281s] Level 1:colcon.colcon_core.package_identification:_identify(install) by extension 'ignore'
[0.281s] Level 1:colcon.colcon_core.package_identification:_identify(install) ignored
[0.281s] Level 1:colcon.colcon_core.package_identification:_identify(limo_ros2) by extensions ['ignore', 'ignore_ament_install']
[0.281s] Level 1:colcon.colcon_core.package_identification:_identify(limo_ros2) by extension 'ignore'
[0.282s] Level 1:colcon.colcon_core.package_identification:_identify(limo_ros2) by extension 'ignore_ament_install'
[0.282s] Level 1:colcon.colcon_core.package_identification:_identify(limo_ros2) by extensions ['colcon_pkg']
[0.282s] Level 1:colcon.colcon_core.package_identification:_identify(limo_ros2) by extension 'colcon_pkg'
[0.282s] Level 1:colcon.colcon_core.package_identification:_identify(limo_ros2) by extensions ['colcon_meta']
[0.282s] Level 1:colcon.colcon_core.package_identification:_identify(limo_ros2) by extension 'colcon_meta'
[0.282s] Level 1:colcon.colcon_core.package_identification:_identify(limo_ros2) by extensions ['ros']
[0.282s] Level 1:colcon.colcon_core.package_identification:_identify(limo_ros2) by extension 'ros'
[0.282s] Level 1:colcon.colcon_core.package_identification:_identify(limo_ros2) by extensions ['cmake', 'python']
[0.282s] Level 1:colcon.colcon_core.package_identification:_identify(limo_ros2) by extension 'cmake'
[0.282s] Level 1:colcon.colcon_core.package_identification:_identify(limo_ros2) by extension 'python'
[0.282s] Level 1:colcon.colcon_core.package_identification:_identify(limo_ros2) by extensions ['python_setup_py']
[0.282s] Level 1:colcon.colcon_core.package_identification:_identify(limo_ros2) by extension 'python_setup_py'
[0.282s] Level 1:colcon.colcon_core.package_identification:_identify(limo_ros2/limo_base) by extensions ['ignore', 'ignore_ament_install']
[0.282s] Level 1:colcon.colcon_core.package_identification:_identify(limo_ros2/limo_base) by extension 'ignore'
[0.282s] Level 1:colcon.colcon_core.package_identification:_identify(limo_ros2/limo_base) by extension 'ignore_ament_install'
[0.282s] Level 1:colcon.colcon_core.package_identification:_identify(limo_ros2/limo_base) by extensions ['colcon_pkg']
[0.282s] Level 1:colcon.colcon_core.package_identification:_identify(limo_ros2/limo_base) by extension 'colcon_pkg'
[0.282s] Level 1:colcon.colcon_core.package_identification:_identify(limo_ros2/limo_base) by extensions ['colcon_meta']
[0.282s] Level 1:colcon.colcon_core.package_identification:_identify(limo_ros2/limo_base) by extension 'colcon_meta'
[0.282s] Level 1:colcon.colcon_core.package_identification:_identify(limo_ros2/limo_base) by extensions ['ros']
[0.282s] Level 1:colcon.colcon_core.package_identification:_identify(limo_ros2/limo_base) by extension 'ros'
[0.285s] DEBUG:colcon.colcon_core.package_identification:Package 'limo_ros2/limo_base' with type 'ros.ament_cmake' and name 'limo_base'
[0.285s] Level 1:colcon.colcon_core.package_identification:_identify(limo_ros2/limo_car) by extensions ['ignore', 'ignore_ament_install']
[0.285s] Level 1:colcon.colcon_core.package_identification:_identify(limo_ros2/limo_car) by extension 'ignore'
[0.285s] Level 1:colcon.colcon_core.package_identification:_identify(limo_ros2/limo_car) by extension 'ignore_ament_install'
[0.285s] Level 1:colcon.colcon_core.package_identification:_identify(limo_ros2/limo_car) by extensions ['colcon_pkg']
[0.285s] Level 1:colcon.colcon_core.package_identification:_identify(limo_ros2/limo_car) by extension 'colcon_pkg'
[0.285s] Level 1:colcon.colcon_core.package_identification:_identify(limo_ros2/limo_car) by extensions ['colcon_meta']
[0.285s] Level 1:colcon.colcon_core.package_identification:_identify(limo_ros2/limo_car) by extension 'colcon_meta'
[0.285s] Level 1:colcon.colcon_core.package_identification:_identify(limo_ros2/limo_car) by extensions ['ros']
[0.286s] Level 1:colcon.colcon_core.package_identification:_identify(limo_ros2/limo_car) by extension 'ros'
[0.286s] DEBUG:colcon.colcon_core.package_identification:Package 'limo_ros2/limo_car' with type 'ros.ament_cmake' and name 'limo_car'
[0.287s] Level 1:colcon.colcon_core.package_identification:_identify(limo_ros2/limo_description) by extensions ['ignore', 'ignore_ament_install']
[0.287s] Level 1:colcon.colcon_core.package_identification:_identify(limo_ros2/limo_description) by extension 'ignore'
[0.287s] Level 1:colcon.colcon_core.package_identification:_identify(limo_ros2/limo_description) by extension 'ignore_ament_install'
[0.287s] Level 1:colcon.colcon_core.package_identification:_identify(limo_ros2/limo_description) by extensions ['colcon_pkg']
[0.287s] Level 1:colcon.colcon_core.package_identification:_identify(limo_ros2/limo_description) by extension 'colcon_pkg'
[0.287s] Level 1:colcon.colcon_core.package_identification:_identify(limo_ros2/limo_description) by extensions ['colcon_meta']
[0.287s] Level 1:colcon.colcon_core.package_identification:_identify(limo_ros2/limo_description) by extension 'colcon_meta'
[0.287s] Level 1:colcon.colcon_core.package_identification:_identify(limo_ros2/limo_description) by extensions ['ros']
[0.287s] Level 1:colcon.colcon_core.package_identification:_identify(limo_ros2/limo_description) by extension 'ros'
[0.288s] DEBUG:colcon.colcon_core.package_identification:Package 'limo_ros2/limo_description' with type 'ros.ament_cmake' and name 'limo_description'
[0.288s] Level 1:colcon.colcon_core.package_identification:_identify(limo_ros2/limo_msgs) by extensions ['ignore', 'ignore_ament_install']
[0.288s] Level 1:colcon.colcon_core.package_identification:_identify(limo_ros2/limo_msgs) by extension 'ignore'
[0.288s] Level 1:colcon.colcon_core.package_identification:_identify(limo_ros2/limo_msgs) by extension 'ignore_ament_install'
[0.288s] Level 1:colcon.colcon_core.package_identification:_identify(limo_ros2/limo_msgs) by extensions ['colcon_pkg']
[0.288s] Level 1:colcon.colcon_core.package_identification:_identify(limo_ros2/limo_msgs) by extension 'colcon_pkg'
[0.288s] Level 1:colcon.colcon_core.package_identification:_identify(limo_ros2/limo_msgs) by extensions ['colcon_meta']
[0.288s] Level 1:colcon.colcon_core.package_identification:_identify(limo_ros2/limo_msgs) by extension 'colcon_meta'
[0.288s] Level 1:colcon.colcon_core.package_identification:_identify(limo_ros2/limo_msgs) by extensions ['ros']
[0.288s] Level 1:colcon.colcon_core.package_identification:_identify(limo_ros2/limo_msgs) by extension 'ros'
[0.289s] DEBUG:colcon.colcon_core.package_identification:Package 'limo_ros2/limo_msgs' with type 'ros.ament_cmake' and name 'limo_msgs'
[0.289s] Level 1:colcon.colcon_core.package_identification:_identify(log) by extensions ['ignore', 'ignore_ament_install']
[0.289s] Level 1:colcon.colcon_core.package_identification:_identify(log) by extension 'ignore'
[0.289s] Level 1:colcon.colcon_core.package_identification:_identify(log) ignored
[0.289s] Level 1:colcon.colcon_core.package_discovery:discover_packages(recursive) using defaults
[0.289s] Level 1:colcon.colcon_core.package_discovery:discover_packages(ignore) discover
[0.289s] Level 1:colcon.colcon_core.package_discovery:discover_packages(ignore) using defaults
[0.289s] Level 1:colcon.colcon_core.package_discovery:discover_packages(path) discover
[0.289s] Level 1:colcon.colcon_core.package_discovery:discover_packages(path) using defaults
[0.319s] INFO:colcon.colcon_core.package_selection:Skipping not selected package 'limo_car' in 'limo_ros2/limo_car'
[0.319s] INFO:colcon.colcon_core.package_selection:Skipping not selected package 'limo_description' in 'limo_ros2/limo_description'
[0.319s] INFO:colcon.colcon_core.package_selection:Skipping not selected package 'limo_msgs' in 'limo_ros2/limo_msgs'
[0.320s] Level 1:colcon.colcon_core.package_discovery:discover_packages(prefix_path) check parameters
[0.320s] Level 1:colcon.colcon_core.package_discovery:discover_packages(prefix_path) discover
[0.321s] DEBUG:colcon.colcon_installed_package_information.package_discovery:Found 4 installed packages in /home/cerv/ros2_ws/install
[0.323s] DEBUG:colcon.colcon_installed_package_information.package_discovery:Found 285 installed packages in /opt/ros/humble
[0.324s] Level 1:colcon.colcon_core.package_discovery:discover_packages(prefix_path) using defaults
[0.362s] Level 5:colcon.colcon_core.verb:set package 'limo_base' build argument 'cmake_args' from command line to '['-DCMAKE_BUILD_TYPE=Release']'
[0.362s] Level 5:colcon.colcon_core.verb:set package 'limo_base' build argument 'cmake_target' from command line to 'None'
[0.362s] Level 5:colcon.colcon_core.verb:set package 'limo_base' build argument 'cmake_target_skip_unavailable' from command line to 'False'
[0.362s] Level 5:colcon.colcon_core.verb:set package 'limo_base' build argument 'cmake_clean_cache' from command line to 'False'
[0.362s] Level 5:colcon.colcon_core.verb:set package 'limo_base' build argument 'cmake_clean_first' from command line to 'False'
[0.362s] Level 5:colcon.colcon_core.verb:set package 'limo_base' build argument 'cmake_force_configure' from command line to 'False'
[0.362s] Level 5:colcon.colcon_core.verb:set package 'limo_base' build argument 'ament_cmake_args' from command line to 'None'
[0.362s] Level 5:colcon.colcon_core.verb:set package 'limo_base' build argument 'catkin_cmake_args' from command line to 'None'
[0.362s] Level 5:colcon.colcon_core.verb:set package 'limo_base' build argument 'catkin_skip_building_tests' from command line to 'False'
[0.362s] DEBUG:colcon.colcon_core.verb:Building package 'limo_base' with the following arguments: {'ament_cmake_args': None, 'build_base': '/home/cerv/Downloads/APP-Limo_ros2_diff/build/limo_base', 'catkin_cmake_args': None, 'catkin_skip_building_tests': False, 'cmake_args': ['-DCMAKE_BUILD_TYPE=Release'], 'cmake_clean_cache': False, 'cmake_clean_first': False, 'cmake_force_configure': False, 'cmake_target': None, 'cmake_target_skip_unavailable': False, 'install_base': '/home/cerv/Downloads/APP-Limo_ros2_diff/install/limo_base', 'merge_install': False, 'path': '/home/cerv/Downloads/APP-Limo_ros2_diff/limo_ros2/limo_base', 'symlink_install': False, 'test_result_base': None}
[0.362s] INFO:colcon.colcon_core.executor:Executing jobs using 'parallel' executor
[0.363s] DEBUG:colcon.colcon_parallel_executor.executor.parallel:run_until_complete
[0.363s] INFO:colcon.colcon_ros.task.ament_cmake.build:Building ROS package in '/home/cerv/Downloads/APP-Limo_ros2_diff/limo_ros2/limo_base' with build type 'ament_cmake'
[0.364s] INFO:colcon.colcon_cmake.task.cmake.build:Building CMake package in '/home/cerv/Downloads/APP-Limo_ros2_diff/limo_ros2/limo_base'
[0.365s] INFO:colcon.colcon_core.plugin_system:Skipping extension 'colcon_core.shell.bat': Not used on non-Windows systems
[0.366s] INFO:colcon.colcon_core.shell:Skip shell extension 'powershell' for command environment: Not usable outside of PowerShell
[0.366s] DEBUG:colcon.colcon_core.shell:Skip shell extension 'dsv' for command environment
[0.368s] WARNING:colcon.colcon_core.shell:The following packages are in the workspace but haven't been built:
- limo_msgs
They are being used from the following locations instead:
- /home/cerv/ros2_ws/install/limo_msgs
To suppress this warning ignore these packages in the workspace:
--packages-ignore limo_msgs
[0.373s] DEBUG:colcon.colcon_core.event_handler.log_command:Invoking command in '/home/cerv/Downloads/APP-Limo_ros2_diff/build/limo_base': CMAKE_PREFIX_PATH=${CMAKE_PREFIX_PATH}:/opt/ros/humble /usr/bin/cmake /home/cerv/Downloads/APP-Limo_ros2_diff/limo_ros2/limo_base -DCMAKE_BUILD_TYPE=Release -DCMAKE_INSTALL_PREFIX=/home/cerv/Downloads/APP-Limo_ros2_diff/install/limo_base
[2.808s] DEBUG:colcon.colcon_core.event_handler.log_command:Invoked command in '/home/cerv/Downloads/APP-Limo_ros2_diff/build/limo_base' returned '0': CMAKE_PREFIX_PATH=${CMAKE_PREFIX_PATH}:/opt/ros/humble /usr/bin/cmake /home/cerv/Downloads/APP-Limo_ros2_diff/limo_ros2/limo_base -DCMAKE_BUILD_TYPE=Release -DCMAKE_INSTALL_PREFIX=/home/cerv/Downloads/APP-Limo_ros2_diff/install/limo_base
[2.811s] DEBUG:colcon.colcon_core.event_handler.log_command:Invoking command in '/home/cerv/Downloads/APP-Limo_ros2_diff/build/limo_base': CMAKE_PREFIX_PATH=${CMAKE_PREFIX_PATH}:/opt/ros/humble /usr/bin/cmake --build /home/cerv/Downloads/APP-Limo_ros2_diff/build/limo_base -- -j4 -l4
[15.657s] DEBUG:colcon.colcon_core.event_handler.log_command:Invoked command in '/home/cerv/Downloads/APP-Limo_ros2_diff/build/limo_base' returned '0': CMAKE_PREFIX_PATH=${CMAKE_PREFIX_PATH}:/opt/ros/humble /usr/bin/cmake --build /home/cerv/Downloads/APP-Limo_ros2_diff/build/limo_base -- -j4 -l4
[15.666s] DEBUG:colcon.colcon_core.event_handler.log_command:Invoking command in '/home/cerv/Downloads/APP-Limo_ros2_diff/build/limo_base': CMAKE_PREFIX_PATH=${CMAKE_PREFIX_PATH}:/opt/ros/humble /usr/bin/cmake --install /home/cerv/Downloads/APP-Limo_ros2_diff/build/limo_base
[15.681s] Level 1:colcon.colcon_core.environment:create_environment_scripts_only(limo_base)
[15.681s] DEBUG:colcon.colcon_core.event_handler.log_command:Invoked command in '/home/cerv/Downloads/APP-Limo_ros2_diff/build/limo_base' returned '0': CMAKE_PREFIX_PATH=${CMAKE_PREFIX_PATH}:/opt/ros/humble /usr/bin/cmake --install /home/cerv/Downloads/APP-Limo_ros2_diff/build/limo_base
[15.683s] Level 1:colcon.colcon_core.environment:checking '/home/cerv/Downloads/APP-Limo_ros2_diff/install/limo_base' for CMake module files
[15.683s] Level 1:colcon.colcon_core.environment:checking '/home/cerv/Downloads/APP-Limo_ros2_diff/install/limo_base' for CMake config files
[15.684s] Level 1:colcon.colcon_core.shell:create_environment_hook('limo_base', 'cmake_prefix_path')
[15.684s] INFO:colcon.colcon_core.shell:Creating environment hook '/home/cerv/Downloads/APP-Limo_ros2_diff/install/limo_base/share/limo_base/hook/cmake_prefix_path.ps1'
[15.684s] INFO:colcon.colcon_core.shell:Creating environment descriptor '/home/cerv/Downloads/APP-Limo_ros2_diff/install/limo_base/share/limo_base/hook/cmake_prefix_path.dsv'
[15.685s] INFO:colcon.colcon_core.shell:Creating environment hook '/home/cerv/Downloads/APP-Limo_ros2_diff/install/limo_base/share/limo_base/hook/cmake_prefix_path.sh'
[15.686s] Level 1:colcon.colcon_core.environment:checking '/home/cerv/Downloads/APP-Limo_ros2_diff/install/limo_base/lib'
[15.686s] Level 1:colcon.colcon_core.environment:checking '/home/cerv/Downloads/APP-Limo_ros2_diff/install/limo_base/bin'
[15.686s] Level 1:colcon.colcon_core.environment:checking '/home/cerv/Downloads/APP-Limo_ros2_diff/install/limo_base/lib/pkgconfig/limo_base.pc'
[15.686s] Level 1:colcon.colcon_core.environment:checking '/home/cerv/Downloads/APP-Limo_ros2_diff/install/limo_base/lib/python3.10/site-packages'
[15.686s] Level 1:colcon.colcon_core.environment:checking '/home/cerv/Downloads/APP-Limo_ros2_diff/install/limo_base/bin'
[15.687s] INFO:colcon.colcon_core.shell:Creating package script '/home/cerv/Downloads/APP-Limo_ros2_diff/install/limo_base/share/limo_base/package.ps1'
[15.688s] INFO:colcon.colcon_core.shell:Creating package descriptor '/home/cerv/Downloads/APP-Limo_ros2_diff/install/limo_base/share/limo_base/package.dsv'
[15.688s] INFO:colcon.colcon_core.shell:Creating package script '/home/cerv/Downloads/APP-Limo_ros2_diff/install/limo_base/share/limo_base/package.sh'
[15.689s] INFO:colcon.colcon_core.shell:Creating package script '/home/cerv/Downloads/APP-Limo_ros2_diff/install/limo_base/share/limo_base/package.bash'
[15.689s] INFO:colcon.colcon_core.shell:Creating package script '/home/cerv/Downloads/APP-Limo_ros2_diff/install/limo_base/share/limo_base/package.zsh'
[15.690s] Level 1:colcon.colcon_core.environment:create_file_with_runtime_dependencies(/home/cerv/Downloads/APP-Limo_ros2_diff/install/limo_base/share/colcon-core/packages/limo_base)
[15.690s] Level 1:colcon.colcon_core.environment:create_environment_scripts_only(limo_base)
[15.691s] Level 1:colcon.colcon_core.environment:checking '/home/cerv/Downloads/APP-Limo_ros2_diff/install/limo_base' for CMake module files
[15.691s] Level 1:colcon.colcon_core.environment:checking '/home/cerv/Downloads/APP-Limo_ros2_diff/install/limo_base' for CMake config files
[15.691s] Level 1:colcon.colcon_core.shell:create_environment_hook('limo_base', 'cmake_prefix_path')
[15.691s] INFO:colcon.colcon_core.shell:Creating environment hook '/home/cerv/Downloads/APP-Limo_ros2_diff/install/limo_base/share/limo_base/hook/cmake_prefix_path.ps1'
[15.692s] INFO:colcon.colcon_core.shell:Creating environment descriptor '/home/cerv/Downloads/APP-Limo_ros2_diff/install/limo_base/share/limo_base/hook/cmake_prefix_path.dsv'
[15.692s] INFO:colcon.colcon_core.shell:Creating environment hook '/home/cerv/Downloads/APP-Limo_ros2_diff/install/limo_base/share/limo_base/hook/cmake_prefix_path.sh'
[15.692s] Level 1:colcon.colcon_core.environment:checking '/home/cerv/Downloads/APP-Limo_ros2_diff/install/limo_base/lib'
[15.693s] Level 1:colcon.colcon_core.environment:checking '/home/cerv/Downloads/APP-Limo_ros2_diff/install/limo_base/bin'
[15.693s] Level 1:colcon.colcon_core.environment:checking '/home/cerv/Downloads/APP-Limo_ros2_diff/install/limo_base/lib/pkgconfig/limo_base.pc'
[15.693s] Level 1:colcon.colcon_core.environment:checking '/home/cerv/Downloads/APP-Limo_ros2_diff/install/limo_base/lib/python3.10/site-packages'
[15.693s] Level 1:colcon.colcon_core.environment:checking '/home/cerv/Downloads/APP-Limo_ros2_diff/install/limo_base/bin'
[15.693s] INFO:colcon.colcon_core.shell:Creating package script '/home/cerv/Downloads/APP-Limo_ros2_diff/install/limo_base/share/limo_base/package.ps1'
[15.694s] INFO:colcon.colcon_core.shell:Creating package descriptor '/home/cerv/Downloads/APP-Limo_ros2_diff/install/limo_base/share/limo_base/package.dsv'
[15.694s] INFO:colcon.colcon_core.shell:Creating package script '/home/cerv/Downloads/APP-Limo_ros2_diff/install/limo_base/share/limo_base/package.sh'
[15.695s] INFO:colcon.colcon_core.shell:Creating package script '/home/cerv/Downloads/APP-Limo_ros2_diff/install/limo_base/share/limo_base/package.bash'
[15.695s] INFO:colcon.colcon_core.shell:Creating package script '/home/cerv/Downloads/APP-Limo_ros2_diff/install/limo_base/share/limo_base/package.zsh'
[15.695s] Level 1:colcon.colcon_core.environment:create_file_with_runtime_dependencies(/home/cerv/Downloads/APP-Limo_ros2_diff/install/limo_base/share/colcon-core/packages/limo_base)
[15.696s] DEBUG:colcon.colcon_parallel_executor.executor.parallel:closing loop
[15.696s] DEBUG:colcon.colcon_parallel_executor.executor.parallel:loop closed
[15.696s] DEBUG:colcon.colcon_parallel_executor.executor.parallel:run_until_complete finished with '0'
[15.696s] DEBUG:colcon.colcon_core.event_reactor:joining thread
[15.701s] INFO:colcon.colcon_core.plugin_system:Skipping extension 'colcon_notification.desktop_notification.terminal_notifier': Not used on non-Darwin systems
[15.701s] INFO:colcon.colcon_core.plugin_system:Skipping extension 'colcon_notification.desktop_notification.win32': Not used on non-Windows systems
[15.701s] INFO:colcon.colcon_notification.desktop_notification:Sending desktop notification using 'notify2'
[15.727s] DEBUG:colcon.colcon_core.event_reactor:joined thread
[15.727s] INFO:colcon.colcon_core.shell:Creating prefix script '/home/cerv/Downloads/APP-Limo_ros2_diff/install/local_setup.ps1'
[15.728s] INFO:colcon.colcon_core.shell:Creating prefix util module '/home/cerv/Downloads/APP-Limo_ros2_diff/install/_local_setup_util_ps1.py'
[15.730s] INFO:colcon.colcon_core.shell:Creating prefix chain script '/home/cerv/Downloads/APP-Limo_ros2_diff/install/setup.ps1'
[15.731s] INFO:colcon.colcon_core.shell:Creating prefix script '/home/cerv/Downloads/APP-Limo_ros2_diff/install/local_setup.sh'
[15.732s] INFO:colcon.colcon_core.shell:Creating prefix util module '/home/cerv/Downloads/APP-Limo_ros2_diff/install/_local_setup_util_sh.py'
[15.732s] INFO:colcon.colcon_core.shell:Creating prefix chain script '/home/cerv/Downloads/APP-Limo_ros2_diff/install/setup.sh'
[15.734s] INFO:colcon.colcon_core.shell:Creating prefix script '/home/cerv/Downloads/APP-Limo_ros2_diff/install/local_setup.bash'
[15.734s] INFO:colcon.colcon_core.shell:Creating prefix chain script '/home/cerv/Downloads/APP-Limo_ros2_diff/install/setup.bash'
[15.735s] INFO:colcon.colcon_core.shell:Creating prefix script '/home/cerv/Downloads/APP-Limo_ros2_diff/install/local_setup.zsh'
[15.736s] INFO:colcon.colcon_core.shell:Creating prefix chain script '/home/cerv/Downloads/APP-Limo_ros2_diff/install/setup.zsh'
