[0.009s] Invoking command in '/home/cerv/Downloads/APP-Limo_ros2_diff/build/limo_base': CMAKE_PREFIX_PATH=${CMAKE_PREFIX_PATH}:/opt/ros/humble /usr/bin/cmake /home/cerv/Downloads/APP-Limo_ros2_diff/limo_ros2/limo_base -DCMAKE_BUILD_TYPE=Release -DCMAKE_INSTALL_PREFIX=/home/cerv/Downloads/APP-Limo_ros2_diff/install/limo_base
[0.619s] -- The C compiler identification is GNU 11.4.0
[0.738s] -- The CXX compiler identification is GNU 11.4.0
[0.763s] -- Detecting C compiler ABI info
[0.905s] -- Detecting C compiler ABI info - done
[0.916s] -- Check for working C compiler: /usr/bin/cc - skipped
[0.917s] -- Detecting C compile features
[0.918s] -- Detecting C compile features - done
[0.922s] -- Detecting CXX compiler ABI info
[1.012s] -- Detecting CXX compiler ABI info - done
[1.020s] -- Check for working CXX compiler: /usr/bin/c++ - skipped
[1.020s] -- Detecting CXX compile features
[1.021s] -- Detecting CXX compile features - done
[1.043s] -- Found ament_cmake: 1.3.14 (/opt/ros/humble/share/ament_cmake/cmake)
[1.193s] -- Found Python3: /usr/bin/python3 (found version "3.10.12") found components: Interpreter 
[1.315s] -- Found rclcpp: 16.0.19 (/opt/ros/humble/share/rclcpp/cmake)
[1.383s] -- Found rosidl_generator_c: 3.1.8 (/opt/ros/humble/share/rosidl_generator_c/cmake)
[1.388s] -- Found rosidl_adapter: 3.1.8 (/opt/ros/humble/share/rosidl_adapter/cmake)
[1.396s] -- Found rosidl_generator_cpp: 3.1.8 (/opt/ros/humble/share/rosidl_generator_cpp/cmake)
[1.409s] -- Using all available rosidl_typesupport_c: rosidl_typesupport_fastrtps_c;rosidl_typesupport_introspection_c
[1.426s] -- Using all available rosidl_typesupport_cpp: rosidl_typesupport_fastrtps_cpp;rosidl_typesupport_introspection_cpp
[1.472s] -- Found rmw_implementation_cmake: 6.1.2 (/opt/ros/humble/share/rmw_implementation_cmake/cmake)
[1.475s] -- Found rmw_fastrtps_cpp: 6.2.10 (/opt/ros/humble/share/rmw_fastrtps_cpp/cmake)
[1.673s] -- Found OpenSSL: /usr/lib/x86_64-linux-gnu/libcrypto.so (found version "3.0.2")  
[1.715s] -- Found FastRTPS: /opt/ros/humble/include  
[1.755s] -- Using RMW implementation 'rmw_fastrtps_cpp' as default
[1.780s] -- Looking for pthread.h
[1.891s] -- Looking for pthread.h - found
[1.891s] -- Performing Test CMAKE_HAVE_LIBC_PTHREAD
[2.016s] -- Performing Test CMAKE_HAVE_LIBC_PTHREAD - Success
[2.020s] -- Found Threads: TRUE  
[2.087s] -- Found geometry_msgs: 4.9.1 (/opt/ros/humble/share/geometry_msgs/cmake)
[2.100s] -- Found nav_msgs: 4.9.1 (/opt/ros/humble/share/nav_msgs/cmake)
[2.119s] -- Found sensor_msgs: 4.9.1 (/opt/ros/humble/share/sensor_msgs/cmake)
[2.165s] -- Found tf2: 0.25.20 (/opt/ros/humble/share/tf2/cmake)
[2.195s] -- Found tf2_ros: 0.25.20 (/opt/ros/humble/share/tf2_ros/cmake)
[2.289s] -- Found limo_msgs: 0.0.0 (/home/cerv/ros2_ws/install/limo_msgs/share/limo_msgs/cmake)
[2.304s] -- Found tf2_geometry_msgs: 0.25.20 (/opt/ros/humble/share/tf2_geometry_msgs/cmake)
[2.317s] -- Found eigen3_cmake_module: 0.1.1 (/opt/ros/humble/share/eigen3_cmake_module/cmake)
[2.318s] -- Found Eigen3: TRUE (found version "3.4.0") 
[2.318s] -- Ensuring Eigen3 include directory is part of orocos-kdl CMake target
[2.331s] -- Found turtlesim: 1.4.3 (/opt/ros/humble/share/turtlesim/cmake)
[2.411s] -- Configuring done
[2.428s] -- Generating done
[2.434s] -- Build files have been written to: /home/cerv/Downloads/APP-Limo_ros2_diff/build/limo_base
[2.444s] Invoked command in '/home/cerv/Downloads/APP-Limo_ros2_diff/build/limo_base' returned '0': CMAKE_PREFIX_PATH=${CMAKE_PREFIX_PATH}:/opt/ros/humble /usr/bin/cmake /home/cerv/Downloads/APP-Limo_ros2_diff/limo_ros2/limo_base -DCMAKE_BUILD_TYPE=Release -DCMAKE_INSTALL_PREFIX=/home/cerv/Downloads/APP-Limo_ros2_diff/install/limo_base
[2.447s] Invoking command in '/home/cerv/Downloads/APP-Limo_ros2_diff/build/limo_base': CMAKE_PREFIX_PATH=${CMAKE_PREFIX_PATH}:/opt/ros/humble /usr/bin/cmake --build /home/cerv/Downloads/APP-Limo_ros2_diff/build/limo_base -- -j4 -l4
[2.500s] [ 33%] Building CXX object CMakeFiles/limo_base.dir/src/limo_base_node.cpp.o
[2.500s] [ 33%] Building CXX object CMakeFiles/tf_pub.dir/src/tf_pub.cpp.o
[2.500s] [ 50%] Building CXX object CMakeFiles/limo_base.dir/src/serial_port.cpp.o
[2.500s] [ 66%] Building CXX object CMakeFiles/limo_base.dir/src/limo_driver.cpp.o
[5.282s] /home/cerv/Downloads/APP-Limo_ros2_diff/limo_ros2/limo_base/src/limo_driver.cpp: In member function ‘void AgileX::LimoDriver::parseFrame(const AgileX::LimoFrame&)’:
[5.282s] /home/cerv/Downloads/APP-Limo_ros2_diff/limo_ros2/limo_base/src/limo_driver.cpp:301:21: warning: unused variable ‘left_wheel_odom’ [-Wunused-variable]
[5.282s]   301 |             int32_t left_wheel_odom = (frame.data[3] & 0xff) | (frame.data[2] << 8) |
[5.282s]       |                     ^~~~~~~~~~~~~~~
[5.282s] /home/cerv/Downloads/APP-Limo_ros2_diff/limo_ros2/limo_base/src/limo_driver.cpp:303:21: warning: unused variable ‘right_wheel_odom’ [-Wunused-variable]
[5.282s]   303 |             int32_t right_wheel_odom = (frame.data[7] & 0xff) | (frame.data[6] << 8) |
[5.282s]       |                     ^~~~~~~~~~~~~~~~
[7.639s] [ 83%] Linking CXX executable tf_pub
[7.793s] [ 83%] Built target tf_pub
[15.078s] [100%] Linking CXX executable limo_base
[15.281s] [100%] Built target limo_base
[15.293s] Invoked command in '/home/cerv/Downloads/APP-Limo_ros2_diff/build/limo_base' returned '0': CMAKE_PREFIX_PATH=${CMAKE_PREFIX_PATH}:/opt/ros/humble /usr/bin/cmake --build /home/cerv/Downloads/APP-Limo_ros2_diff/build/limo_base -- -j4 -l4
[15.303s] Invoking command in '/home/cerv/Downloads/APP-Limo_ros2_diff/build/limo_base': CMAKE_PREFIX_PATH=${CMAKE_PREFIX_PATH}:/opt/ros/humble /usr/bin/cmake --install /home/cerv/Downloads/APP-Limo_ros2_diff/build/limo_base
[15.310s] -- Install configuration: "Release"
[15.310s] -- Installing: /home/cerv/Downloads/APP-Limo_ros2_diff/install/limo_base/include
[15.310s] -- Installing: /home/cerv/Downloads/APP-Limo_ros2_diff/install/limo_base/include/limo_base
[15.310s] -- Installing: /home/cerv/Downloads/APP-Limo_ros2_diff/install/limo_base/include/limo_base/serial_port.h
[15.310s] -- Installing: /home/cerv/Downloads/APP-Limo_ros2_diff/install/limo_base/include/limo_base/limo_protocol.h
[15.310s] -- Installing: /home/cerv/Downloads/APP-Limo_ros2_diff/install/limo_base/include/limo_base/limo_driver.h
[15.310s] -- Installing: /home/cerv/Downloads/APP-Limo_ros2_diff/install/limo_base/lib/limo_base/limo_base
[15.311s] -- Set runtime path of "/home/cerv/Downloads/APP-Limo_ros2_diff/install/limo_base/lib/limo_base/limo_base" to ""
[15.311s] -- Installing: /home/cerv/Downloads/APP-Limo_ros2_diff/install/limo_base/lib/limo_base/tf_pub
[15.312s] -- Set runtime path of "/home/cerv/Downloads/APP-Limo_ros2_diff/install/limo_base/lib/limo_base/tf_pub" to ""
[15.312s] -- Installing: /home/cerv/Downloads/APP-Limo_ros2_diff/install/limo_base/share/limo_base//launch
[15.312s] -- Installing: /home/cerv/Downloads/APP-Limo_ros2_diff/install/limo_base/share/limo_base//launch/limo_base.launch.py
[15.312s] -- Installing: /home/cerv/Downloads/APP-Limo_ros2_diff/install/limo_base/share/limo_base//launch/open_ydlidar_launch.py
[15.312s] -- Installing: /home/cerv/Downloads/APP-Limo_ros2_diff/install/limo_base/share/limo_base//launch/start_limo.launch.py
[15.313s] -- Installing: /home/cerv/Downloads/APP-Limo_ros2_diff/install/limo_base/share/limo_base//src
[15.313s] -- Installing: /home/cerv/Downloads/APP-Limo_ros2_diff/install/limo_base/share/limo_base//src/tf_pub.cpp
[15.313s] -- Installing: /home/cerv/Downloads/APP-Limo_ros2_diff/install/limo_base/share/limo_base//src/limo_driver.cpp
[15.313s] -- Installing: /home/cerv/Downloads/APP-Limo_ros2_diff/install/limo_base/share/limo_base//src/serial_port.cpp
[15.313s] -- Installing: /home/cerv/Downloads/APP-Limo_ros2_diff/install/limo_base/share/limo_base//src/limo_base_node.cpp
[15.313s] -- Installing: /home/cerv/Downloads/APP-Limo_ros2_diff/install/limo_base/share/ament_index/resource_index/package_run_dependencies/limo_base
[15.313s] -- Installing: /home/cerv/Downloads/APP-Limo_ros2_diff/install/limo_base/share/ament_index/resource_index/parent_prefix_path/limo_base
[15.314s] -- Installing: /home/cerv/Downloads/APP-Limo_ros2_diff/install/limo_base/share/limo_base/environment/ament_prefix_path.sh
[15.314s] -- Installing: /home/cerv/Downloads/APP-Limo_ros2_diff/install/limo_base/share/limo_base/environment/ament_prefix_path.dsv
[15.314s] -- Installing: /home/cerv/Downloads/APP-Limo_ros2_diff/install/limo_base/share/limo_base/environment/path.sh
[15.314s] -- Installing: /home/cerv/Downloads/APP-Limo_ros2_diff/install/limo_base/share/limo_base/environment/path.dsv
[15.314s] -- Installing: /home/cerv/Downloads/APP-Limo_ros2_diff/install/limo_base/share/limo_base/local_setup.bash
[15.314s] -- Installing: /home/cerv/Downloads/APP-Limo_ros2_diff/install/limo_base/share/limo_base/local_setup.sh
[15.314s] -- Installing: /home/cerv/Downloads/APP-Limo_ros2_diff/install/limo_base/share/limo_base/local_setup.zsh
[15.315s] -- Installing: /home/cerv/Downloads/APP-Limo_ros2_diff/install/limo_base/share/limo_base/local_setup.dsv
[15.315s] -- Installing: /home/cerv/Downloads/APP-Limo_ros2_diff/install/limo_base/share/limo_base/package.dsv
[15.315s] -- Installing: /home/cerv/Downloads/APP-Limo_ros2_diff/install/limo_base/share/ament_index/resource_index/packages/limo_base
[15.315s] -- Installing: /home/cerv/Downloads/APP-Limo_ros2_diff/install/limo_base/share/limo_base/cmake/ament_cmake_export_include_directories-extras.cmake
[15.315s] -- Installing: /home/cerv/Downloads/APP-Limo_ros2_diff/install/limo_base/share/limo_base/cmake/limo_baseConfig.cmake
[15.315s] -- Installing: /home/cerv/Downloads/APP-Limo_ros2_diff/install/limo_base/share/limo_base/cmake/limo_baseConfig-version.cmake
[15.315s] -- Installing: /home/cerv/Downloads/APP-Limo_ros2_diff/install/limo_base/share/limo_base/package.xml
[15.317s] Invoked command in '/home/cerv/Downloads/APP-Limo_ros2_diff/build/limo_base' returned '0': CMAKE_PREFIX_PATH=${CMAKE_PREFIX_PATH}:/opt/ros/humble /usr/bin/cmake --install /home/cerv/Downloads/APP-Limo_ros2_diff/build/limo_base
